[Map]
author=Rob Werhand
image=King of the Hills.bmp
wrap=yes
scroll=none
warn=yes

[Continents]
Left Circle 0=6
Right Circle 0=6
Right Circle 1 Left=4
Left Circle 1 Left=4
Left Circle 1 Right=4
Right Circle 1 Right=4
Left Circle 2 Left=3
Right Circle 2 Left=3
Right Circle 2 Top=3
Left Circle 2 Top=3
Left Circle 2 Right=3
Right Circle 2 Right=3
Right Circle 2 Down=3
Left Circle 2 Down=3
Right Circle 3 Left=2
Left Circle 3 Left=2
Left Circle 3 Top=2
Right Circle 3 Top=2
Right Circle 3 Right=2
Left Circle 3 Right=2
Left Circle 3 Down=2
Right Circle 3 Down=2
Right Circle 4 Left=1
Left Circle 4 Left=1
Left Circle 4 Top=1
Right Circle 4 Top=1
Right Circle 4 Right=1
Left Circle 4 Right=1
Left Circle 4 Down=1
Right Circle 4 Down=1

[Territories]
TerritoryL01,247,325,Left Circle 0,TerritoryL02,TerritoryL05,TerritoryL04,TerritoryL03,TerritoryR01
TerritoryL02,217,295,Left Circle 0,TerritoryL01,TerritoryL05,TerritoryL03,TerritoryL07,TerritoryL08,TerritoryL09,TerritoryR02
TerritoryL03,218,356,Left Circle 0,TerritoryL01,TerritoryL02,TerritoryL04,TerritoryL13,TerritoryL06,TerritoryL07,TerritoryR03
TerritoryL04,277,355,Left Circle 0,TerritoryL01,TerritoryL05,TerritoryL03,TerritoryL11,TerritoryL12,TerritoryL13,TerritoryR04
TerritoryL05,274,293,Left Circle 0,TerritoryL01,TerritoryL02,TerritoryL04,TerritoryL09,TerritoryL10,TerritoryL11,TerritoryR05
TerritoryL06,190,388,Left Circle 1 Left,TerritoryL03,TerritoryL07,TerritoryL13,TerritoryL28,TerritoryL29,TerritoryL14
TerritoryL07,163,325,Left Circle 1 Left,TerritoryL02,TerritoryL03,TerritoryL06,TerritoryL08,TerritoryL14,TerritoryL15,TerritoryL16
TerritoryL08,189,266,Left Circle 1 Left,TerritoryL02,TerritoryL07,TerritoryL09,TerritoryL16,TerritoryL17,TerritoryL18
TerritoryL09,248,239,Left Circle 1 Left,TerritoryL02,TerritoryL05,TerritoryL08,TerritoryL10,TerritoryL18,TerritoryL19,TerritoryL20
TerritoryL10,311,267,Left Circle 1 Right,TerritoryL05,TerritoryL09,TerritoryL11,TerritoryL20,TerritoryL21,TerritoryL22
TerritoryL11,330,322,Left Circle 1 Right,TerritoryL05,TerritoryL04,TerritoryL10,TerritoryL12,TerritoryL22,TerritoryL23,TerritoryL24
TerritoryL12,309,383,Left Circle 1 Right,TerritoryL04,TerritoryL11,TerritoryL13,TerritoryL24,TerritoryL25,TerritoryL26
TerritoryL13,249,410,Left Circle 1 Right,TerritoryL04,TerritoryL03,TerritoryL12,TerritoryL06,TerritoryL26,TerritoryL27,TerritoryL28
TerritoryL14,133,370,Left Circle 2 Left,TerritoryL06,TerritoryL07,TerritoryL15,TerritoryL29,TerritoryL32,TerritoryL33,TerritoryL34
TerritoryL15,124,322,Left Circle 2 Left,TerritoryL07,TerritoryL16,TerritoryL14,TerritoryL34,TerritoryL35,TerritoryL36
TerritoryL16,132,280,Left Circle 2 Left,TerritoryL07,TerritoryL08,TerritoryL17,TerritoryL15,TerritoryL36,TerritoryL37,TerritoryL38
TerritoryL17,162,235,Left Circle 2 Left,TerritoryL08,TerritoryL18,TerritoryL16,TerritoryL38,TerritoryL39,TerritoryL40
TerritoryL18,202,208,Left Circle 2 Top,TerritoryL08,TerritoryL09,TerritoryL19,TerritoryL17,TerritoryL40,TerritoryL41,TerritoryL42
TerritoryL19,246,199,Left Circle 2 Top,TerritoryL09,TerritoryL20,TerritoryL18,TerritoryL42,TerritoryL43,TerritoryL44
TerritoryL20,295,209,Left Circle 2 Top,TerritoryL09,TerritoryL10,TerritoryL21,TerritoryL19,TerritoryL44,TerritoryL45,TerritoryL46
TerritoryL21,335,235,Left Circle 2 Top,TerritoryL10,TerritoryL22,TerritoryL20,TerritoryL46,TerritoryL48,TerritoryL47
TerritoryL22,364,277,Left Circle 2 Right,TerritoryL10,TerritoryL11,TerritoryL23,TerritoryL21,TerritoryL48,TerritoryL49,TerritoryL50
TerritoryL23,372,325,Left Circle 2 Right,TerritoryL11,TerritoryL24,TerritoryL22,TerritoryL50,TerritoryL51,TerritoryL52
TerritoryL24,363,371,Left Circle 2 Right,TerritoryL11,TerritoryL12,TerritoryL25,TerritoryL23,TerritoryL52,TerritoryL53,TerritoryL54
TerritoryL25,334,410,Left Circle 2 Right,TerritoryL12,TerritoryL26,TerritoryL24,TerritoryL54,TerritoryL55,TerritoryL56
TerritoryL26,294,439,Left Circle 2 Down,TerritoryL12,TerritoryL13,TerritoryL27,TerritoryL25,TerritoryL56,TerritoryL57,TerritoryL58
TerritoryL27,245,449,Left Circle 2 Down,TerritoryL13,TerritoryL28,TerritoryL26,TerritoryL58,TerritoryL59,TerritoryL60
TerritoryL28,199,440,Left Circle 2 Down,TerritoryL06,TerritoryL13,TerritoryL29,TerritoryL27,TerritoryL60,TerritoryL61,TerritoryL30
TerritoryL29,159,413,Left Circle 2 Down,TerritoryL06,TerritoryL28,TerritoryL14,TerritoryL30,TerritoryL31,TerritoryL32
TerritoryL30,155,462,Left Circle 3 Left,TerritoryL28,TerritoryL29,TerritoryL31,TerritoryL61,TerritoryL93,TerritoryL92
TerritoryL31,130,440,Left Circle 3 Left,TerritoryL29,TerritoryL30,TerritoryL32,TerritoryL62,TerritoryL93
TerritoryL32,111,414,Left Circle 3 Left,TerritoryL14,TerritoryL29,TerritoryL33,TerritoryL31,TerritoryL63,TerritoryL62
TerritoryL33,95,386,Left Circle 3 Left,TerritoryL14,TerritoryL34,TerritoryL32,TerritoryL64,TerritoryL63
TerritoryL34,85,354,Left Circle 3 Left,TerritoryL14,TerritoryL15,TerritoryL35,TerritoryL33,TerritoryL65,TerritoryL64
TerritoryL35,82,322,Left Circle 3 Left,TerritoryL15,TerritoryL36,TerritoryL34,TerritoryL66,TerritoryL65
TerritoryL36,85,292,Left Circle 3 Left,TerritoryL15,TerritoryL16,TerritoryL37,TerritoryL35,TerritoryL67,TerritoryL66
TerritoryL37,95,261,Left Circle 3 Left,TerritoryL16,TerritoryL38,TerritoryL36,TerritoryL68,TerritoryL67
TerritoryL38,113,232,Left Circle 3 Top,TerritoryL16,TerritoryL17,TerritoryL39,TerritoryL37,TerritoryL69,TerritoryL68
TerritoryL39,133,207,Left Circle 3 Top,TerritoryL17,TerritoryL40,TerritoryL38,TerritoryL69,TerritoryL70
TerritoryL40,159,188,Left Circle 3 Top,TerritoryL17,TerritoryL18,TerritoryL41,TerritoryL39,TerritoryL70,TerritoryL71
TerritoryL41,186,174,Left Circle 3 Top,TerritoryL18,TerritoryL42,TerritoryL40,TerritoryL71,TerritoryL72
TerritoryL42,215,164,Left Circle 3 Top,TerritoryL18,TerritoryL19,TerritoryL43,TerritoryL41,TerritoryL73,TerritoryL72
TerritoryL43,248,160,Left Circle 3 Top,TerritoryL19,TerritoryL44,TerritoryL42,TerritoryL73,TerritoryL74
TerritoryL44,275,161,Left Circle 3 Top,TerritoryL19,TerritoryL20,TerritoryL45,TerritoryL43,TerritoryL74,TerritoryL75
TerritoryL45,311,171,Left Circle 3 Top,TerritoryL20,TerritoryL46,TerritoryL44,TerritoryL75,TerritoryL76
TerritoryL46,339,189,Left Circle 3 Right,TerritoryL20,TerritoryL21,TerritoryL47,TerritoryL45,TerritoryL76,TerritoryL77
TerritoryL47,368,209,Left Circle 3 Right,TerritoryL21,TerritoryL48,TerritoryL46,TerritoryL77,TerritoryL78
TerritoryL48,386,236,Left Circle 3 Right,TerritoryL21,TerritoryL22,TerritoryL49,TerritoryL47,TerritoryL78,TerritoryL79
TerritoryL49,398,261,Left Circle 3 Right,TerritoryL22,TerritoryL50,TerritoryL48,TerritoryL79,TerritoryL80
TerritoryL50,409,291,Left Circle 3 Right,TerritoryL22,TerritoryL23,TerritoryL51,TerritoryL49,TerritoryL80,TerritoryL81
TerritoryL51,412,323,Left Circle 3 Right,TerritoryL23,TerritoryL52,TerritoryL50,TerritoryL81,TerritoryL82
TerritoryL52,408,356,Left Circle 3 Right,TerritoryL23,TerritoryL24,TerritoryL53,TerritoryL51,TerritoryL82,TerritoryL83
TerritoryL53,399,384,Left Circle 3 Right,TerritoryL24,TerritoryL54,TerritoryL52,TerritoryL84,TerritoryL83
TerritoryL54,385,416,Left Circle 3 Down,TerritoryL24,TerritoryL25,TerritoryL55,TerritoryL53,TerritoryL85,TerritoryL84
TerritoryL55,366,443,Left Circle 3 Down,TerritoryL25,TerritoryL56,TerritoryL54,TerritoryL86,TerritoryL85
TerritoryL56,340,461,Left Circle 3 Down,TerritoryL25,TerritoryL26,TerritoryL57,TerritoryL55,TerritoryL87,TerritoryL86
TerritoryL57,312,476,Left Circle 3 Down,TerritoryL26,TerritoryL58,TerritoryL56,TerritoryL88,TerritoryL87
TerritoryL58,281,484,Left Circle 3 Down,TerritoryL26,TerritoryL27,TerritoryL59,TerritoryL57,TerritoryL89,TerritoryL88
TerritoryL59,246,488,Left Circle 3 Down,TerritoryL27,TerritoryL60,TerritoryL58,TerritoryL90,TerritoryL89
TerritoryL60,213,485,Left Circle 3 Down,TerritoryL27,TerritoryL28,TerritoryL61,TerritoryL59,TerritoryL91,TerritoryL90
TerritoryL61,183,477,Left Circle 3 Down,TerritoryL28,TerritoryL30,TerritoryL60,TerritoryL92,TerritoryL91
TerritoryL62,88,453,Left Circle 4 Left,TerritoryL32,TerritoryL31,TerritoryL93,TerritoryL63
TerritoryL63,66,422,Left Circle 4 Left,TerritoryL33,TerritoryL32,TerritoryL64,TerritoryL62
TerritoryL64,51,383,Left Circle 4 Left,TerritoryL34,TerritoryL33,TerritoryL65,TerritoryL63,TerritoryR79
TerritoryL65,42,343,Left Circle 4 Left,TerritoryL35,TerritoryL34,TerritoryL66,TerritoryL64,TerritoryR78
TerritoryL66,42,305,Left Circle 4 Left,TerritoryL36,TerritoryL35,TerritoryL67,TerritoryL65,TerritoryR77
TerritoryL67,51,261,Left Circle 4 Left,TerritoryL37,TerritoryL36,TerritoryL68,TerritoryL66,TerritoryR76
TerritoryL68,68,227,Left Circle 4 Left,TerritoryL38,TerritoryL37,TerritoryL69,TerritoryL67
TerritoryL69,87,196,Left Circle 4 Left,TerritoryL39,TerritoryL38,TerritoryL70,TerritoryL68
TerritoryL70,118,166,Left Circle 4 Top,TerritoryL40,TerritoryL39,TerritoryL71,TerritoryL69
TerritoryL71,153,145,Left Circle 4 Top,TerritoryL41,TerritoryL40,TerritoryL72,TerritoryL70
TerritoryL72,188,127,Left Circle 4 Top,TerritoryL42,TerritoryL41,TerritoryL73,TerritoryL71,TerritoryR71
TerritoryL73,227,122,Left Circle 4 Top,TerritoryL43,TerritoryL42,TerritoryL74,TerritoryL72,TerritoryR70
TerritoryL74,266,121,Left Circle 4 Top,TerritoryL44,TerritoryL43,TerritoryL75,TerritoryL73,TerritoryR69
TerritoryL75,304,131,Left Circle 4 Top,TerritoryL45,TerritoryL44,TerritoryL76,TerritoryL74,TerritoryR68
TerritoryL76,345,144,Left Circle 4 Top,TerritoryL46,TerritoryL45,TerritoryL77,TerritoryL75
TerritoryL77,378,166,Left Circle 4 Top,TerritoryL47,TerritoryL46,TerritoryL78,TerritoryL76
TerritoryL78,405,196,Left Circle 4 Right,TerritoryL48,TerritoryL47,TerritoryL79,TerritoryL77
TerritoryL79,426,227,Left Circle 4 Right,TerritoryL49,TerritoryL48,TerritoryL80,TerritoryL78
TerritoryL80,444,265,Left Circle 4 Right,TerritoryL50,TerritoryL49,TerritoryL81,TerritoryL79,TerritoryR63
TerritoryL81,448,305,Left Circle 4 Right,TerritoryL51,TerritoryL50,TerritoryL82,TerritoryL80,TerritoryR62
TerritoryL82,452,351,Left Circle 4 Right,TerritoryL52,TerritoryL51,TerritoryL83,TerritoryL81,TerritoryR93
TerritoryL83,442,386,Left Circle 4 Right,TerritoryL53,TerritoryL52,TerritoryL84,TerritoryL82,TerritoryR92
TerritoryL84,428,423,Left Circle 4 Right,TerritoryL54,TerritoryL53,TerritoryL85,TerritoryL83
TerritoryL85,405,454,Left Circle 4 Right,TerritoryL55,TerritoryL54,TerritoryL86,TerritoryL84
TerritoryL86,375,483,Left Circle 4 Down,TerritoryL56,TerritoryL55,TerritoryL87,TerritoryL85
TerritoryL87,345,504,Left Circle 4 Down,TerritoryL57,TerritoryL56,TerritoryL88,TerritoryL86
TerritoryL88,306,519,Left Circle 4 Down,TerritoryL58,TerritoryL57,TerritoryL89,TerritoryL87,TerritoryR87
TerritoryL89,264,530,Left Circle 4 Down,TerritoryL59,TerritoryL58,TerritoryL90,TerritoryL88,TerritoryR86
TerritoryL90,227,531,Left Circle 4 Down,TerritoryL60,TerritoryL59,TerritoryL91,TerritoryL89,TerritoryR85
TerritoryL91,185,520,Left Circle 4 Down,TerritoryL61,TerritoryL60,TerritoryL92,TerritoryL90,TerritoryR84
TerritoryL92,148,505,Left Circle 4 Down,TerritoryL30,TerritoryL61,TerritoryL93,TerritoryL91
TerritoryL93,119,483,Left Circle 4 Down,TerritoryL30,TerritoryL31,TerritoryL62,TerritoryL92
TerritoryR01,762,324,Right Circle 0,TerritoryR02,TerritoryR05,TerritoryR04,TerritoryR03,TerritoryL01
TerritoryR02,729,298,Right Circle 0,TerritoryR01,TerritoryR03,TerritoryR05,TerritoryR07,TerritoryR08,TerritoryR09,TerritoryL02
TerritoryR03,795,298,Right Circle 0,TerritoryR01,TerritoryR02,TerritoryR04,TerritoryR09,TerritoryR10,TerritoryR11,TerritoryL03
TerritoryR04,795,353,Right Circle 0,TerritoryR01,TerritoryR03,TerritoryR05,TerritoryR11,TerritoryR12,TerritoryR13,TerritoryL04
TerritoryR05,733,354,Right Circle 0,TerritoryR01,TerritoryR02,TerritoryR04,TerritoryR13,TerritoryR06,TerritoryR07,TerritoryL05
TerritoryR06,702,382,Right Circle 1 Left,TerritoryR05,TerritoryR28,TerritoryR29,TerritoryR14,TerritoryR13,TerritoryR07
TerritoryR07,676,322,Right Circle 1 Left,TerritoryR02,TerritoryR05,TerritoryR06,TerritoryR14,TerritoryR15,TerritoryR16,TerritoryR08
TerritoryR08,702,267,Right Circle 1 Left,TerritoryR02,TerritoryR07,TerritoryR16,TerritoryR17,TerritoryR18,TerritoryR09
TerritoryR09,762,241,Right Circle 1 Left,TerritoryR02,TerritoryR03,TerritoryR08,TerritoryR18,TerritoryR19,TerritoryR20,TerritoryR10
TerritoryR10,824,269,Right Circle 1 Right,TerritoryR03,TerritoryR09,TerritoryR20,TerritoryR21,TerritoryR22,TerritoryR11
TerritoryR11,845,324,Right Circle 1 Right,TerritoryR03,TerritoryR04,TerritoryR10,TerritoryR22,TerritoryR23,TerritoryR24,TerritoryR12
TerritoryR12,818,384,Right Circle 1 Right,TerritoryR04,TerritoryR11,TerritoryR24,TerritoryR25,TerritoryR26,TerritoryR13
TerritoryR13,760,410,Right Circle 1 Right,TerritoryR04,TerritoryR05,TerritoryR06,TerritoryR12,TerritoryR26,TerritoryR27,TerritoryR28
TerritoryR14,645,371,Right Circle 2 Left,TerritoryR06,TerritoryR07,TerritoryR29,TerritoryR60,TerritoryR61,TerritoryR30,TerritoryR15
TerritoryR15,639,321,Right Circle 2 Left,TerritoryR07,TerritoryR14,TerritoryR30,TerritoryR31,TerritoryR32,TerritoryR16
TerritoryR16,648,274,Right Circle 2 Left,TerritoryR07,TerritoryR08,TerritoryR15,TerritoryR32,TerritoryR33,TerritoryR34,TerritoryR17
TerritoryR17,673,235,Right Circle 2 Left,TerritoryR08,TerritoryR16,TerritoryR34,TerritoryR35,TerritoryR36,TerritoryR18
TerritoryR18,718,209,Right Circle 2 Top,TerritoryR08,TerritoryR09,TerritoryR17,TerritoryR36,TerritoryR37,TerritoryR38,TerritoryR19
TerritoryR19,764,199,Right Circle 2 Top,TerritoryR09,TerritoryR18,TerritoryR38,TerritoryR39,TerritoryR40,TerritoryR20
TerritoryR20,807,208,Right Circle 2 Top,TerritoryR09,TerritoryR10,TerritoryR40,TerritoryR41,TerritoryR19,TerritoryR21,TerritoryR42
TerritoryR21,848,235,Right Circle 2 Top,TerritoryR10,TerritoryR20,TerritoryR42,TerritoryR43,TerritoryR44,TerritoryR22
TerritoryR22,877,277,Right Circle 2 Right,TerritoryR10,TerritoryR11,TerritoryR21,TerritoryR44,TerritoryR45,TerritoryR46,TerritoryR23
TerritoryR23,883,323,Right Circle 2 Right,TerritoryR11,TerritoryR22,TerritoryR46,TerritoryR47,TerritoryR48,TerritoryR24
TerritoryR24,875,370,Right Circle 2 Right,TerritoryR11,TerritoryR12,TerritoryR23,TerritoryR48,TerritoryR49,TerritoryR50,TerritoryR25
TerritoryR25,850,412,Right Circle 2 Right,TerritoryR12,TerritoryR24,TerritoryR50,TerritoryR51,TerritoryR52,TerritoryR26
TerritoryR26,810,439,Right Circle 2 Down,TerritoryR12,TerritoryR13,TerritoryR25,TerritoryR52,TerritoryR53,TerritoryR54,TerritoryR27
TerritoryR27,763,448,Right Circle 2 Down,TerritoryR13,TerritoryR26,TerritoryR54,TerritoryR55,TerritoryR56,TerritoryR28
TerritoryR28,714,439,Right Circle 2 Down,TerritoryR06,TerritoryR13,TerritoryR27,TerritoryR56,TerritoryR57,TerritoryR58,TerritoryR29
TerritoryR29,675,412,Right Circle 2 Down,TerritoryR06,TerritoryR14,TerritoryR28,TerritoryR58,TerritoryR59,TerritoryR60
TerritoryR30,600,357,Right Circle 3 Left,TerritoryR14,TerritoryR15,TerritoryR61,TerritoryR92,TerritoryR93,TerritoryR31
TerritoryR31,598,325,Right Circle 3 Left,TerritoryR15,TerritoryR30,TerritoryR93,TerritoryR62,TerritoryR32
TerritoryR32,601,291,Right Circle 3 Left,TerritoryR15,TerritoryR16,TerritoryR31,TerritoryR62,TerritoryR63,TerritoryR33
TerritoryR33,609,260,Right Circle 3 Left,TerritoryR16,TerritoryR32,TerritoryR63,TerritoryR64,TerritoryR34
TerritoryR34,624,232,Right Circle 3 Left,TerritoryR16,TerritoryR17,TerritoryR33,TerritoryR64,TerritoryR65,TerritoryR35
TerritoryR35,646,208,Right Circle 3 Left,TerritoryR17,TerritoryR34,TerritoryR65,TerritoryR66,TerritoryR36
TerritoryR36,668,187,Right Circle 3 Left,TerritoryR17,TerritoryR18,TerritoryR35,TerritoryR66,TerritoryR67,TerritoryR37
TerritoryR37,703,174,Right Circle 3 Left,TerritoryR18,TerritoryR36,TerritoryR67,TerritoryR68,TerritoryR38
TerritoryR38,733,162,Right Circle 3 Top,TerritoryR18,TerritoryR19,TerritoryR37,TerritoryR68,TerritoryR69,TerritoryR39
TerritoryR39,762,159,Right Circle 3 Top,TerritoryR19,TerritoryR38,TerritoryR69,TerritoryR70,TerritoryR40
TerritoryR40,795,162,Right Circle 3 Top,TerritoryR19,TerritoryR20,TerritoryR39,TerritoryR70,TerritoryR71,TerritoryR41
TerritoryR41,825,172,Right Circle 3 Top,TerritoryR20,TerritoryR40,TerritoryR71,TerritoryR72,TerritoryR42
TerritoryR42,853,187,Right Circle 3 Top,TerritoryR20,TerritoryR21,TerritoryR41,TerritoryR72,TerritoryR73,TerritoryR43
TerritoryR43,879,207,Right Circle 3 Top,TerritoryR21,TerritoryR42,TerritoryR73,TerritoryR74,TerritoryR44
TerritoryR44,897,231,Right Circle 3 Top,TerritoryR21,TerritoryR22,TerritoryR43,TerritoryR74,TerritoryR75,TerritoryR45
TerritoryR45,915,260,Right Circle 3 Top,TerritoryR22,TerritoryR44,TerritoryR75,TerritoryR76,TerritoryR46
TerritoryR46,926,293,Right Circle 3 Right,TerritoryR22,TerritoryR23,TerritoryR45,TerritoryR76,TerritoryR77,TerritoryR47
TerritoryR47,927,323,Right Circle 3 Right,TerritoryR23,TerritoryR46,TerritoryR78,TerritoryR77,TerritoryR48
TerritoryR48,922,357,Right Circle 3 Right,TerritoryR23,TerritoryR24,TerritoryR47,TerritoryR78,TerritoryR79,TerritoryR49
TerritoryR49,915,385,Right Circle 3 Right,TerritoryR24,TerritoryR48,TerritoryR79,TerritoryR80,TerritoryR50
TerritoryR50,898,416,Right Circle 3 Right,TerritoryR24,TerritoryR25,TerritoryR49,TerritoryR80,TerritoryR81,TerritoryR51
TerritoryR51,880,439,Right Circle 3 Right,TerritoryR25,TerritoryR50,TerritoryR81,TerritoryR82,TerritoryR52
TerritoryR52,855,464,Right Circle 3 Right,TerritoryR25,TerritoryR26,TerritoryR51,TerritoryR82,TerritoryR83,TerritoryR53
TerritoryR53,831,477,Right Circle 3 Right,TerritoryR26,TerritoryR52,TerritoryR83,TerritoryR84,TerritoryR54
TerritoryR54,793,485,Right Circle 3 Down,TerritoryR26,TerritoryR27,TerritoryR53,TerritoryR84,TerritoryR85,TerritoryR55
TerritoryR55,762,489,Right Circle 3 Down,TerritoryR27,TerritoryR54,TerritoryR85,TerritoryR86,TerritoryR56
TerritoryR56,730,486,Right Circle 3 Down,TerritoryR27,TerritoryR28,TerritoryR55,TerritoryR86,TerritoryR87,TerritoryR57
TerritoryR57,700,477,Right Circle 3 Down,TerritoryR28,TerritoryR56,TerritoryR87,TerritoryR88,TerritoryR58
TerritoryR58,672,460,Right Circle 3 Down,TerritoryR28,TerritoryR29,TerritoryR57,TerritoryR88,TerritoryR89,TerritoryR59
TerritoryR59,648,441,Right Circle 3 Down,TerritoryR29,TerritoryR58,TerritoryR89,TerritoryR90,TerritoryR60
TerritoryR60,627,419,Right Circle 3 Down,TerritoryR14,TerritoryR29,TerritoryR59,TerritoryR90,TerritoryR91,TerritoryR61
TerritoryR61,612,392,Right Circle 3 Down,TerritoryR14,TerritoryR30,TerritoryR60,TerritoryR91,TerritoryR92
TerritoryR62,559,305,Right Circle 4 Left,TerritoryR31,TerritoryR32,TerritoryR93,TerritoryR63,TerritoryL81
TerritoryR63,567,262,Right Circle 4 Left,TerritoryR32,TerritoryR33,TerritoryR62,TerritoryR64,TerritoryL80
TerritoryR64,580,224,Right Circle 4 Left,TerritoryR33,TerritoryR34,TerritoryR63,TerritoryR65
TerritoryR65,603,193,Right Circle 4 Left,TerritoryR34,TerritoryR35,TerritoryR64,TerritoryR66
TerritoryR66,636,161,Right Circle 4 Left,TerritoryR35,TerritoryR36,TerritoryR65,TerritoryR67
TerritoryR67,666,144,Right Circle 4 Left,TerritoryR36,TerritoryR37,TerritoryR66,TerritoryR68
TerritoryR68,700,125,Right Circle 4 Left,TerritoryR37,TerritoryR38,TerritoryR67,TerritoryR69,TerritoryL75
TerritoryR69,741,122,Right Circle 4 Left,TerritoryR38,TerritoryR39,TerritoryR68,TerritoryR70,TerritoryL74
TerritoryR70,784,118,Right Circle 4 Top,TerritoryR39,TerritoryR40,TerritoryR69,TerritoryR71,TerritoryL73
TerritoryR71,819,125,Right Circle 4 Top,TerritoryR40,TerritoryR41,TerritoryR70,TerritoryR72,TerritoryL72
TerritoryR72,854,140,Right Circle 4 Top,TerritoryR41,TerritoryR42,TerritoryR71,TerritoryR73
TerritoryR73,888,161,Right Circle 4 Top,TerritoryR42,TerritoryR43,TerritoryR72,TerritoryR74
TerritoryR74,922,193,Right Circle 4 Top,TerritoryR43,TerritoryR44,TerritoryR73,TerritoryR75
TerritoryR75,943,229,Right Circle 4 Top,TerritoryR44,TerritoryR45,TerritoryR74,TerritoryR76
TerritoryR76,957,264,Right Circle 4 Top,TerritoryR45,TerritoryR46,TerritoryR75,TerritoryR77,TerritoryL67
TerritoryR77,965,304,Right Circle 4 Top,TerritoryR46,TerritoryR47,TerritoryR76,TerritoryR78,TerritoryL66
TerritoryR78,966,346,Right Circle 4 Right,TerritoryR47,TerritoryR48,TerritoryR77,TerritoryR79,TerritoryL65
TerritoryR79,958,384,Right Circle 4 Right,TerritoryR48,TerritoryR49,TerritoryR78,TerritoryR80,TerritoryL64
TerritoryR80,942,421,Right Circle 4 Right,TerritoryR49,TerritoryR50,TerritoryR79,TerritoryR81
TerritoryR81,922,450,Right Circle 4 Right,TerritoryR50,TerritoryR51,TerritoryR80,TerritoryR82
TerritoryR82,890,478,Right Circle 4 Right,TerritoryR51,TerritoryR52,TerritoryR81,TerritoryR83
TerritoryR83,855,504,Right Circle 4 Right,TerritoryR52,TerritoryR53,TerritoryR82,TerritoryR84
TerritoryR84,822,519,Right Circle 4 Right,TerritoryR53,TerritoryR54,TerritoryR83,TerritoryR85,TerritoryL91
TerritoryR85,783,529,Right Circle 4 Right,TerritoryR54,TerritoryR55,TerritoryR84,TerritoryR86,TerritoryL90
TerritoryR86,741,528,Right Circle 4 Down,TerritoryR55,TerritoryR56,TerritoryR85,TerritoryR87,TerritoryL89
TerritoryR87,705,519,Right Circle 4 Down,TerritoryR56,TerritoryR57,TerritoryR86,TerritoryR88,TerritoryL88
TerritoryR88,669,505,Right Circle 4 Down,TerritoryR57,TerritoryR58,TerritoryR87,TerritoryR89
TerritoryR89,634,481,Right Circle 4 Down,TerritoryR58,TerritoryR59,TerritoryR88,TerritoryR90
TerritoryR90,608,453,Right Circle 4 Down,TerritoryR59,TerritoryR60,TerritoryR89,TerritoryR91
TerritoryR91,581,419,Right Circle 4 Down,TerritoryR60,TerritoryR61,TerritoryR90,TerritoryR92
TerritoryR92,564,386,Right Circle 4 Down,TerritoryR30,TerritoryR61,TerritoryR93,TerritoryR91,TerritoryL83
TerritoryR93,559,344,Right Circle 4 Down,TerritoryR30,TerritoryR31,TerritoryR92,TerritoryR62,TerritoryL82
